Component: ARM Compiler 6.16 Tool: armlink [5dfeaa00]

==============================================================================

Section Cross References

    gpio.o(.ARM.exidx.text.GPIO_Init) refers to gpio.o(.text.GPIO_Init) for [Anonymous Symbol]
    gpio.o(.text.timer_init) refers to gpio.o(.bss.potIter) for potIter
    gpio.o(.ARM.exidx.text.timer_init) refers to gpio.o(.text.timer_init) for [Anonymous Symbol]
    gpio.o(.ARM.exidx.text.leUART) refers to gpio.o(.text.leUART) for [Anonymous Symbol]
    gpio.o(.ARM.exidx.text.escreveUART) refers to gpio.o(.text.escreveUART) for [Anonymous Symbol]
    gpio.o(.ARM.exidx.text.lePot) refers to gpio.o(.text.lePot) for [Anonymous Symbol]
    gpio.o(.text.Timer2A_Handler) refers to main.o(.bss.velOrigem) for velOrigem
    gpio.o(.text.Timer2A_Handler) refers to main.o(.bss.velocidade) for velocidade
    gpio.o(.text.Timer2A_Handler) refers to gpio.o(.text.lePot) for lePot
    gpio.o(.text.Timer2A_Handler) refers to f2d.o(x$fpl$f2d) for __aeabi_f2d
    gpio.o(.text.Timer2A_Handler) refers to dmul.o(x$fpl$dmul) for __aeabi_dmul
    gpio.o(.text.Timer2A_Handler) refers to d2f.o(x$fpl$d2f) for __aeabi_d2f
    gpio.o(.text.Timer2A_Handler) refers to gpio.o(.bss.potIter) for potIter
    gpio.o(.text.Timer2A_Handler) refers to gpio.o(.text.escreveUART) for escreveUART
    gpio.o(.text.Timer2A_Handler) refers to daddsub_clz.o(x$fpl$dsub) for __aeabi_dsub
    gpio.o(.text.Timer2A_Handler) refers to dfixu.o(x$fpl$dfixu) for __aeabi_d2uiz
    gpio.o(.text.Timer2A_Handler) refers to main.o(.bss.sentido) for sentido
    gpio.o(.ARM.exidx.text.Timer2A_Handler) refers to gpio.o(.text.Timer2A_Handler) for [Anonymous Symbol]
    main.o(.text.main) refers to utils.o(.text) for PLL_Init
    main.o(.text.main) refers to gpio.o(.text.GPIO_Init) for GPIO_Init
    main.o(.text.main) refers to gpio.o(.text.escreveUART) for escreveUART
    main.o(.text.main) refers to main.o(.rodata..L.str.1) for .L.str.1
    main.o(.text.main) refers to main.o(.rodata..L.str.2) for .L.str.2
    main.o(.text.main) refers to main.o(.rodata..L.str.3) for .L.str.3
    main.o(.text.main) refers to main.o(.rodata..L.str.4) for .L.str.4
    main.o(.text.main) refers to main.o(.rodata..L.str.5) for .L.str.5
    main.o(.text.main) refers to main.o(.rodata..L.str.6) for .L.str.6
    main.o(.text.main) refers to main.o(.rodata..L.str.7) for .L.str.7
    main.o(.text.main) refers to main.o(.rodata..L.str.8) for .L.str.8
    main.o(.text.main) refers to gpio.o(.text.leUART) for leUART
    main.o(.text.main) refers to main.o(.bss.sentido) for sentido
    main.o(.text.main) refers to main.o(.rodata..L.str.12) for .L.str.12
    main.o(.text.main) refers to main.o(.rodata..L.str.13) for .L.str.13
    main.o(.text.main) refers to main.o(.rodata..L.str.14) for .L.str.14
    main.o(.text.main) refers to main.o(.bss.velOrigem) for velOrigem
    main.o(.text.main) refers to main.o(.bss.velocidade) for velocidade
    main.o(.text.main) refers to main.o(.rodata..L.str.15) for .L.str.15
    main.o(.text.main) refers to main.o(.rodata..L.str.16) for .L.str.16
    main.o(.text.main) refers to main.o(.rodata..L.str.17) for .L.str.17
    main.o(.text.main) refers to main.o(.rodata.cst16) for .L.str.18
    main.o(.text.main) refers to gpio.o(.text.timer_init) for timer_init
    main.o(.text.main) refers to main.o(.bss.comando) for comando
    main.o(.ARM.exidx.text.main) refers to main.o(.text.main) for [Anonymous Symbol]
    startup.o(STACK) refers (Special) to heapauxi.o(.text) for __use_two_region_memory
    startup.o(HEAP) refers (Special) to heapauxi.o(.text) for __use_two_region_memory
    startup.o(RESET) refers (Special) to heapauxi.o(.text) for __use_two_region_memory
    startup.o(RESET) refers to startup.o(STACK) for StackMem
    startup.o(RESET) refers to gpio.o(.text.Timer2A_Handler) for Timer2A_Handler
    startup.o(RESET) refers to __main.o(!!!main) for __main
    startup.o(.text) refers (Special) to heapauxi.o(.text) for __use_two_region_memory
    startup.o(.text) refers to startup.o(HEAP) for HeapMem
    startup.o(.text) refers to startup.o(STACK) for StackMem
    __main.o(!!!main) refers to __rtentry.o(.ARM.Collect$$rtentry$$00000000) for __rt_entry
    d2f.o(x$fpl$d2f) refers (Special) to usenofp.o(x$fpl$usenofp) for __I$use$fp
    d2f.o(x$fpl$d2f) refers to fretinf.o(x$fpl$fretinf) for __fpl_fretinf
    d2f.o(x$fpl$d2f) refers to dnaninf.o(x$fpl$dnaninf) for __fpl_dnaninf
    daddsub_clz.o(x$fpl$dadd) refers (Special) to usenofp.o(x$fpl$usenofp) for __I$use$fp
    daddsub_clz.o(x$fpl$dadd) refers to daddsub_clz.o(x$fpl$dsub) for _dsub1
    daddsub_clz.o(x$fpl$dadd) refers to dretinf.o(x$fpl$dretinf) for __fpl_dretinf
    daddsub_clz.o(x$fpl$dadd) refers to dnaninf.o(x$fpl$dnaninf) for __fpl_dnaninf
    daddsub_clz.o(x$fpl$drsb) refers (Special) to usenofp.o(x$fpl$usenofp) for __I$use$fp
    daddsub_clz.o(x$fpl$drsb) refers to daddsub_clz.o(x$fpl$dadd) for _dadd1
    daddsub_clz.o(x$fpl$drsb) refers to daddsub_clz.o(x$fpl$dsub) for _dsub1
    daddsub_clz.o(x$fpl$dsub) refers (Special) to usenofp.o(x$fpl$usenofp) for __I$use$fp
    daddsub_clz.o(x$fpl$dsub) refers to daddsub_clz.o(x$fpl$dadd) for _dadd1
    daddsub_clz.o(x$fpl$dsub) refers to dnaninf.o(x$fpl$dnaninf) for __fpl_dnaninf
    dfixu.o(x$fpl$dfixu) refers (Special) to usenofp.o(x$fpl$usenofp) for __I$use$fp
    dfixu.o(x$fpl$dfixu) refers to dnaninf.o(x$fpl$dnaninf) for __fpl_dnaninf
    dfixu.o(x$fpl$dfixur) refers (Special) to usenofp.o(x$fpl$usenofp) for __I$use$fp
    dfixu.o(x$fpl$dfixur) refers to dnaninf.o(x$fpl$dnaninf) for __fpl_dnaninf
    dmul.o(x$fpl$dmul) refers (Special) to usenofp.o(x$fpl$usenofp) for __I$use$fp
    dmul.o(x$fpl$dmul) refers to dretinf.o(x$fpl$dretinf) for __fpl_dretinf
    dmul.o(x$fpl$dmul) refers to dnaninf.o(x$fpl$dnaninf) for __fpl_dnaninf
    f2d.o(x$fpl$f2d) refers (Special) to usenofp.o(x$fpl$usenofp) for __I$use$fp
    f2d.o(x$fpl$f2d) refers to fnaninf.o(x$fpl$fnaninf) for __fpl_fnaninf
    f2d.o(x$fpl$f2d) refers to dretinf.o(x$fpl$dretinf) for __fpl_dretinf
    __rtentry.o(.ARM.Collect$$rtentry$$00000000) refers (Special) to __rtentry2.o(.ARM.Collect$$rtentry$$0000000A) for __rt_entry_li
    __rtentry.o(.ARM.Collect$$rtentry$$00000000) refers (Special) to __rtentry2.o(.ARM.Collect$$rtentry$$0000000D) for __rt_entry_main
    __rtentry.o(.ARM.Collect$$rtentry$$00000000) refers (Special) to __rtentry2.o(.ARM.Collect$$rtentry$$0000000C) for __rt_entry_postli_1
    __rtentry.o(.ARM.Collect$$rtentry$$00000000) refers (Special) to __rtentry2.o(.ARM.Collect$$rtentry$$00000009) for __rt_entry_postsh_1
    __rtentry.o(.ARM.Collect$$rtentry$$00000000) refers (Special) to __rtentry2.o(.ARM.Collect$$rtentry$$00000002) for __rt_entry_presh_1
    __rtentry.o(.ARM.Collect$$rtentry$$00000000) refers (Special) to __rtentry4.o(.ARM.Collect$$rtentry$$00000004) for __rt_entry_sh
    dnaninf.o(x$fpl$dnaninf) refers (Special) to usenofp.o(x$fpl$usenofp) for __I$use$fp
    dretinf.o(x$fpl$dretinf) refers (Special) to usenofp.o(x$fpl$usenofp) for __I$use$fp
    fnaninf.o(x$fpl$fnaninf) refers (Special) to usenofp.o(x$fpl$usenofp) for __I$use$fp
    fretinf.o(x$fpl$fretinf) refers (Special) to usenofp.o(x$fpl$usenofp) for __I$use$fp
    __rtentry2.o(.ARM.Collect$$rtentry$$00000008) refers to boardinit2.o(.text) for _platform_post_stackheap_init
    __rtentry2.o(.ARM.Collect$$rtentry$$0000000A) refers to libinit.o(.ARM.Collect$$libinit$$00000000) for __rt_lib_init
    __rtentry2.o(.ARM.Collect$$rtentry$$0000000B) refers to boardinit3.o(.text) for _platform_post_lib_init
    __rtentry2.o(.ARM.Collect$$rtentry$$0000000D) refers to main.o(.text.main) for main
    __rtentry2.o(.ARM.Collect$$rtentry$$0000000D) refers to exit.o(.text) for exit
    __rtentry2.o(.ARM.exidx) refers to __rtentry2.o(.ARM.Collect$$rtentry$$00000001) for .ARM.Collect$$rtentry$$00000001
    __rtentry2.o(.ARM.exidx) refers to __rtentry2.o(.ARM.Collect$$rtentry$$00000008) for .ARM.Collect$$rtentry$$00000008
    __rtentry2.o(.ARM.exidx) refers to __rtentry2.o(.ARM.Collect$$rtentry$$0000000A) for .ARM.Collect$$rtentry$$0000000A
    __rtentry2.o(.ARM.exidx) refers to __rtentry2.o(.ARM.Collect$$rtentry$$0000000B) for .ARM.Collect$$rtentry$$0000000B
    __rtentry2.o(.ARM.exidx) refers to __rtentry2.o(.ARM.Collect$$rtentry$$0000000D) for .ARM.Collect$$rtentry$$0000000D
    __rtentry4.o(.ARM.Collect$$rtentry$$00000004) refers to sys_stackheap_outer.o(.text) for __user_setup_stackheap
    __rtentry4.o(.ARM.exidx) refers to __rtentry4.o(.ARM.Collect$$rtentry$$00000004) for .ARM.Collect$$rtentry$$00000004
    sys_stackheap_outer.o(.text) refers to libspace.o(.text) for __user_perproc_libspace
    sys_stackheap_outer.o(.text) refers to startup.o(.text) for __user_initial_stackheap
    exit.o(.text) refers to rtexit.o(.ARM.Collect$$rtexit$$00000000) for __rt_exit
    libinit.o(.ARM.Collect$$libinit$$00000000) refers (Special) to libinit2.o(.ARM.Collect$$libinit$$0000002E) for __rt_lib_init_alloca_1
    libinit.o(.ARM.Collect$$libinit$$00000000) refers (Special) to libinit2.o(.ARM.Collect$$libinit$$0000002C) for __rt_lib_init_argv_1
    libinit.o(.ARM.Collect$$libinit$$00000000) refers (Special) to libinit2.o(.ARM.Collect$$libinit$$0000001B) for __rt_lib_init_atexit_1
    libinit.o(.ARM.Collect$$libinit$$00000000) refers (Special) to libinit2.o(.ARM.Collect$$libinit$$00000021) for __rt_lib_init_clock_1
    libinit.o(.ARM.Collect$$libinit$$00000000) refers (Special) to libinit2.o(.ARM.Collect$$libinit$$00000032) for __rt_lib_init_cpp_1
    libinit.o(.ARM.Collect$$libinit$$00000000) refers (Special) to libinit2.o(.ARM.Collect$$libinit$$00000030) for __rt_lib_init_exceptions_1
    libinit.o(.ARM.Collect$$libinit$$00000000) refers (Special) to libinit2.o(.ARM.Collect$$libinit$$00000001) for __rt_lib_init_fp_1
    libinit.o(.ARM.Collect$$libinit$$00000000) refers (Special) to libinit2.o(.ARM.Collect$$libinit$$0000001F) for __rt_lib_init_fp_trap_1
    libinit.o(.ARM.Collect$$libinit$$00000000) refers (Special) to libinit2.o(.ARM.Collect$$libinit$$00000023) for __rt_lib_init_getenv_1
    libinit.o(.ARM.Collect$$libinit$$00000000) refers (Special) to libinit2.o(.ARM.Collect$$libinit$$0000000A) for __rt_lib_init_heap_1
    libinit.o(.ARM.Collect$$libinit$$00000000) refers (Special) to libinit2.o(.ARM.Collect$$libinit$$00000011) for __rt_lib_init_lc_collate_1
    libinit.o(.ARM.Collect$$libinit$$00000000) refers (Special) to libinit2.o(.ARM.Collect$$libinit$$00000013) for __rt_lib_init_lc_ctype_1
    libinit.o(.ARM.Collect$$libinit$$00000000) refers (Special) to libinit2.o(.ARM.Collect$$libinit$$00000015) for __rt_lib_init_lc_monetary_1
    libinit.o(.ARM.Collect$$libinit$$00000000) refers (Special) to libinit2.o(.ARM.Collect$$libinit$$00000017) for __rt_lib_init_lc_numeric_1
    libinit.o(.ARM.Collect$$libinit$$00000000) refers (Special) to libinit2.o(.ARM.Collect$$libinit$$00000019) for __rt_lib_init_lc_time_1
    libinit.o(.ARM.Collect$$libinit$$00000000) refers (Special) to libinit2.o(.ARM.Collect$$libinit$$00000004) for __rt_lib_init_preinit_1
    libinit.o(.ARM.Collect$$libinit$$00000000) refers (Special) to libinit2.o(.ARM.Collect$$libinit$$0000000E) for __rt_lib_init_rand_1
    libinit.o(.ARM.Collect$$libinit$$00000000) refers (Special) to libinit2.o(.ARM.Collect$$libinit$$00000033) for __rt_lib_init_return
    libinit.o(.ARM.Collect$$libinit$$00000000) refers (Special) to libinit2.o(.ARM.Collect$$libinit$$0000001D) for __rt_lib_init_signal_1
    libinit.o(.ARM.Collect$$libinit$$00000000) refers (Special) to libinit2.o(.ARM.Collect$$libinit$$00000025) for __rt_lib_init_stdio_1
    libinit.o(.ARM.Collect$$libinit$$00000000) refers (Special) to libinit2.o(.ARM.Collect$$libinit$$0000000C) for __rt_lib_init_user_alloc_1
    libspace.o(.text) refers to libspace.o(.bss) for __libspace_start
    rtexit.o(.ARM.Collect$$rtexit$$00000000) refers (Special) to rtexit2.o(.ARM.Collect$$rtexit$$00000004) for __rt_exit_exit
    rtexit.o(.ARM.Collect$$rtexit$$00000000) refers (Special) to rtexit2.o(.ARM.Collect$$rtexit$$00000003) for __rt_exit_ls
    rtexit.o(.ARM.Collect$$rtexit$$00000000) refers (Special) to rtexit2.o(.ARM.Collect$$rtexit$$00000002) for __rt_exit_prels_1
    rtexit.o(.ARM.exidx) refers (Special) to rtexit2.o(.ARM.Collect$$rtexit$$00000004) for __rt_exit_exit
    rtexit.o(.ARM.exidx) refers (Special) to rtexit2.o(.ARM.Collect$$rtexit$$00000003) for __rt_exit_ls
    rtexit.o(.ARM.exidx) refers (Special) to rtexit2.o(.ARM.Collect$$rtexit$$00000002) for __rt_exit_prels_1
    rtexit.o(.ARM.exidx) refers to rtexit.o(.ARM.Collect$$rtexit$$00000000) for .ARM.Collect$$rtexit$$00000000
    libinit2.o(.ARM.Collect$$libinit$$00000001) refers to fpinit.o(x$fpl$fpinit) for _fp_init
    libinit2.o(.ARM.Collect$$libinit$$00000010) refers to libinit2.o(.ARM.Collect$$libinit$$0000000F) for .ARM.Collect$$libinit$$0000000F
    libinit2.o(.ARM.Collect$$libinit$$00000012) refers to libinit2.o(.ARM.Collect$$libinit$$0000000F) for .ARM.Collect$$libinit$$0000000F
    libinit2.o(.ARM.Collect$$libinit$$00000014) refers to libinit2.o(.ARM.Collect$$libinit$$0000000F) for .ARM.Collect$$libinit$$0000000F
    libinit2.o(.ARM.Collect$$libinit$$00000016) refers to libinit2.o(.ARM.Collect$$libinit$$0000000F) for .ARM.Collect$$libinit$$0000000F
    libinit2.o(.ARM.Collect$$libinit$$00000018) refers to libinit2.o(.ARM.Collect$$libinit$$0000000F) for .ARM.Collect$$libinit$$0000000F
    libinit2.o(.ARM.Collect$$libinit$$00000026) refers to argv_veneer.o(.emb_text) for __ARM_argv_veneer
    libinit2.o(.ARM.Collect$$libinit$$00000027) refers to argv_veneer.o(.emb_text) for __ARM_argv_veneer
    rtexit2.o(.ARM.Collect$$rtexit$$00000003) refers to libshutdown.o(.ARM.Collect$$libshutdown$$00000000) for __rt_lib_shutdown
    rtexit2.o(.ARM.Collect$$rtexit$$00000004) refers to sys_exit.o(.text) for _sys_exit
    rtexit2.o(.ARM.exidx) refers to rtexit2.o(.ARM.Collect$$rtexit$$00000001) for .ARM.Collect$$rtexit$$00000001
    rtexit2.o(.ARM.exidx) refers to rtexit2.o(.ARM.Collect$$rtexit$$00000003) for .ARM.Collect$$rtexit$$00000003
    rtexit2.o(.ARM.exidx) refers to rtexit2.o(.ARM.Collect$$rtexit$$00000004) for .ARM.Collect$$rtexit$$00000004
    argv_veneer.o(.emb_text) refers to no_argv.o(.text) for __ARM_get_argv
    sys_exit.o(.text) refers (Special) to use_no_semi.o(.text) for __I$use$semihosting
    sys_exit.o(.text) refers (Special) to indicate_semi.o(.text) for __semihosting_library_function
    sys_exit_hlt.o(.text) refers (Special) to use_no_semi.o(.text) for __I$use$semihosting
    sys_exit_hlt.o(.text) refers (Special) to indicate_semi.o(.text) for __semihosting_library_function
    _get_argv_nomalloc.o(.text) refers (Special) to hrguard.o(.text) for __heap_region$guard
    _get_argv_nomalloc.o(.text) refers to defsig_rtmem_outer.o(.text) for __rt_SIGRTMEM
    _get_argv_nomalloc.o(.text) refers to sys_command.o(.text) for _sys_command_string
    libshutdown.o(.ARM.Collect$$libshutdown$$00000000) refers (Special) to libshutdown2.o(.ARM.Collect$$libshutdown$$00000002) for __rt_lib_shutdown_cpp_1
    libshutdown.o(.ARM.Collect$$libshutdown$$00000000) refers (Special) to libshutdown2.o(.ARM.Collect$$libshutdown$$00000007) for __rt_lib_shutdown_fp_trap_1
    libshutdown.o(.ARM.Collect$$libshutdown$$00000000) refers (Special) to libshutdown2.o(.ARM.Collect$$libshutdown$$0000000F) for __rt_lib_shutdown_heap_1
    libshutdown.o(.ARM.Collect$$libshutdown$$00000000) refers (Special) to libshutdown2.o(.ARM.Collect$$libshutdown$$00000010) for __rt_lib_shutdown_return
    libshutdown.o(.ARM.Collect$$libshutdown$$00000000) refers (Special) to libshutdown2.o(.ARM.Collect$$libshutdown$$0000000A) for __rt_lib_shutdown_signal_1
    libshutdown.o(.ARM.Collect$$libshutdown$$00000000) refers (Special) to libshutdown2.o(.ARM.Collect$$libshutdown$$00000004) for __rt_lib_shutdown_stdio_1
    libshutdown.o(.ARM.Collect$$libshutdown$$00000000) refers (Special) to libshutdown2.o(.ARM.Collect$$libshutdown$$0000000C) for __rt_lib_shutdown_user_alloc_1
    sys_command.o(.text) refers (Special) to use_no_semi.o(.text) for __I$use$semihosting
    sys_command.o(.text) refers (Special) to indicate_semi.o(.text) for __semihosting_library_function
    sys_command_hlt.o(.text) refers (Special) to use_no_semi.o(.text) for __I$use$semihosting
    sys_command_hlt.o(.text) refers (Special) to indicate_semi.o(.text) for __semihosting_library_function
    defsig_rtmem_outer.o(.text) refers to defsig_rtmem_inner.o(.text) for __rt_SIGRTMEM_inner
    defsig_rtmem_outer.o(.text) refers to defsig_exit.o(.text) for __sig_exit
    defsig_rtmem_formal.o(.text) refers to rt_raise.o(.text) for __rt_raise
    rt_raise.o(.text) refers to __raise.o(.text) for __raise
    rt_raise.o(.text) refers to sys_exit.o(.text) for _sys_exit
    defsig_exit.o(.text) refers to sys_exit.o(.text) for _sys_exit
    defsig_rtmem_inner.o(.text) refers to defsig_general.o(.text) for __default_signal_display
    __raise.o(.text) refers to defsig.o(CL$$defsig) for __default_signal_handler
    defsig_general.o(.text) refers to sys_wrch.o(.text) for _ttywrch
    sys_wrch.o(.text) refers (Special) to use_no_semi.o(.text) for __I$use$semihosting
    sys_wrch.o(.text) refers (Special) to indicate_semi.o(.text) for __semihosting_library_function
    sys_wrch_hlt.o(.text) refers (Special) to use_no_semi.o(.text) for __I$use$semihosting
    sys_wrch_hlt.o(.text) refers (Special) to indicate_semi.o(.text) for __semihosting_library_function
    defsig.o(CL$$defsig) refers to defsig_rtmem_inner.o(.text) for __rt_SIGRTMEM_inner
    defsig_abrt_inner.o(.text) refers to defsig_general.o(.text) for __default_signal_display
    defsig_fpe_inner.o(.text) refers to defsig_general.o(.text) for __default_signal_display
    defsig_rtred_inner.o(.text) refers to defsig_general.o(.text) for __default_signal_display
    defsig_stak_inner.o(.text) refers to defsig_general.o(.text) for __default_signal_display
    defsig_pvfn_inner.o(.text) refers to defsig_general.o(.text) for __default_signal_display
    defsig_cppl_inner.o(.text) refers to defsig_general.o(.text) for __default_signal_display
    defsig_segv_inner.o(.text) refers to defsig_general.o(.text) for __default_signal_display
    defsig_other.o(.text) refers to defsig_general.o(.text) for __default_signal_display


==============================================================================

Removing Unused input sections from the image.

    Removing gpio.o(.text), (0 bytes).
    Removing gpio.o(.ARM.exidx.text.GPIO_Init), (8 bytes).
    Removing gpio.o(.ARM.exidx.text.timer_init), (8 bytes).
    Removing gpio.o(.ARM.exidx.text.leUART), (8 bytes).
    Removing gpio.o(.ARM.exidx.text.escreveUART), (8 bytes).
    Removing gpio.o(.ARM.exidx.text.lePot), (8 bytes).
    Removing gpio.o(.ARM.exidx.text.Timer2A_Handler), (8 bytes).
    Removing gpio.o(.rodata..L__const.Timer2A_Handler.charAux), (3 bytes).
    Removing main.o(.text), (0 bytes).
    Removing main.o(.ARM.exidx.text.main), (8 bytes).
    Removing main.o(.rodata..L__const.main.charAux), (3 bytes).
    Removing main.o(.ARM.use_no_argv), (4 bytes).

12 unused section(s) (total 66 bytes) removed from the image.

==============================================================================

Image Symbol Table

    Local Symbols

    Symbol Name                              Value     Ov Type        Size  Object(Section)

    ../clib/angel/boardlib.s                 0x00000000   Number         0  boardinit1.o ABSOLUTE
    ../clib/angel/boardlib.s                 0x00000000   Number         0  boardinit2.o ABSOLUTE
    ../clib/angel/boardlib.s                 0x00000000   Number         0  boardinit3.o ABSOLUTE
    ../clib/angel/boardlib.s                 0x00000000   Number         0  boardshut.o ABSOLUTE
    ../clib/angel/handlers.s                 0x00000000   Number         0  __scatter_zi.o ABSOLUTE
    ../clib/angel/kernel.s                   0x00000000   Number         0  __rtentry.o ABSOLUTE
    ../clib/angel/kernel.s                   0x00000000   Number         0  __rtentry2.o ABSOLUTE
    ../clib/angel/kernel.s                   0x00000000   Number         0  __rtentry4.o ABSOLUTE
    ../clib/angel/kernel.s                   0x00000000   Number         0  rtexit.o ABSOLUTE
    ../clib/angel/kernel.s                   0x00000000   Number         0  rtexit2.o ABSOLUTE
    ../clib/angel/rt.s                       0x00000000   Number         0  rt_raise.o ABSOLUTE
    ../clib/angel/scatter.s                  0x00000000   Number         0  __scatter.o ABSOLUTE
    ../clib/angel/startup.s                  0x00000000   Number         0  __main.o ABSOLUTE
    ../clib/angel/sys.s                      0x00000000   Number         0  sys_stackheap_outer.o ABSOLUTE
    ../clib/angel/sys.s                      0x00000000   Number         0  libspace.o ABSOLUTE
    ../clib/angel/sys.s                      0x00000000   Number         0  use_no_semi.o ABSOLUTE
    ../clib/angel/sys.s                      0x00000000   Number         0  indicate_semi.o ABSOLUTE
    ../clib/angel/sysapp.c                   0x00000000   Number         0  sys_exit.o ABSOLUTE
    ../clib/angel/sysapp.c                   0x00000000   Number         0  sys_exit_hlt.o ABSOLUTE
    ../clib/angel/sysapp.c                   0x00000000   Number         0  sys_command.o ABSOLUTE
    ../clib/angel/sysapp.c                   0x00000000   Number         0  sys_command_hlt.o ABSOLUTE
    ../clib/angel/sysapp.c                   0x00000000   Number         0  sys_wrch.o ABSOLUTE
    ../clib/angel/sysapp.c                   0x00000000   Number         0  sys_wrch_hlt.o ABSOLUTE
    ../clib/armsys.c                         0x00000000   Number         0  argv_veneer.o ABSOLUTE
    ../clib/armsys.c                         0x00000000   Number         0  argv_veneer.o ABSOLUTE
    ../clib/armsys.c                         0x00000000   Number         0  _get_argv_nomalloc.o ABSOLUTE
    ../clib/armsys.c                         0x00000000   Number         0  no_argv.o ABSOLUTE
    ../clib/heapalloc.c                      0x00000000   Number         0  hrguard.o ABSOLUTE
    ../clib/heapaux.c                        0x00000000   Number         0  heapauxi.o ABSOLUTE
    ../clib/libinit.s                        0x00000000   Number         0  libinit.o ABSOLUTE
    ../clib/libinit.s                        0x00000000   Number         0  libinit2.o ABSOLUTE
    ../clib/libinit.s                        0x00000000   Number         0  libshutdown.o ABSOLUTE
    ../clib/libinit.s                        0x00000000   Number         0  libshutdown2.o ABSOLUTE
    ../clib/signal.c                         0x00000000   Number         0  defsig_rtmem_outer.o ABSOLUTE
    ../clib/signal.c                         0x00000000   Number         0  defsig_rtmem_formal.o ABSOLUTE
    ../clib/signal.c                         0x00000000   Number         0  defsig_exit.o ABSOLUTE
    ../clib/signal.c                         0x00000000   Number         0  defsig_rtmem_inner.o ABSOLUTE
    ../clib/signal.c                         0x00000000   Number         0  __raise.o ABSOLUTE
    ../clib/signal.c                         0x00000000   Number         0  defsig_general.o ABSOLUTE
    ../clib/signal.c                         0x00000000   Number         0  defsig_abrt_inner.o ABSOLUTE
    ../clib/signal.c                         0x00000000   Number         0  defsig_fpe_inner.o ABSOLUTE
    ../clib/signal.c                         0x00000000   Number         0  defsig_rtred_inner.o ABSOLUTE
    ../clib/signal.c                         0x00000000   Number         0  defsig_stak_inner.o ABSOLUTE
    ../clib/signal.c                         0x00000000   Number         0  defsig_pvfn_inner.o ABSOLUTE
    ../clib/signal.c                         0x00000000   Number         0  defsig_cppl_inner.o ABSOLUTE
    ../clib/signal.c                         0x00000000   Number         0  defsig_segv_inner.o ABSOLUTE
    ../clib/signal.c                         0x00000000   Number         0  defsig_other.o ABSOLUTE
    ../clib/signal.s                         0x00000000   Number         0  defsig.o ABSOLUTE
    ../clib/stdlib.c                         0x00000000   Number         0  exit.o ABSOLUTE
    ../fplib/d2f.s                           0x00000000   Number         0  d2f.o ABSOLUTE
    ../fplib/daddsub.s                       0x00000000   Number         0  daddsub_clz.o ABSOLUTE
    ../fplib/dfixu.s                         0x00000000   Number         0  dfixu.o ABSOLUTE
    ../fplib/dmul.s                          0x00000000   Number         0  dmul.o ABSOLUTE
    ../fplib/dnaninf.s                       0x00000000   Number         0  dnaninf.o ABSOLUTE
    ../fplib/dretinf.s                       0x00000000   Number         0  dretinf.o ABSOLUTE
    ../fplib/f2d.s                           0x00000000   Number         0  f2d.o ABSOLUTE
    ../fplib/fnaninf.s                       0x00000000   Number         0  fnaninf.o ABSOLUTE
    ../fplib/fpinit.s                        0x00000000   Number         0  fpinit.o ABSOLUTE
    ../fplib/fretinf.s                       0x00000000   Number         0  fretinf.o ABSOLUTE
    ../fplib/usenofp.s                       0x00000000   Number         0  usenofp.o ABSOLUTE
    dc.s                                     0x00000000   Number         0  dc.o ABSOLUTE
    gpio.c                                   0x00000000   Number         0  gpio.o ABSOLUTE
    main.c                                   0x00000000   Number         0  main.o ABSOLUTE
    startup.s                                0x00000000   Number         0  startup.o ABSOLUTE
    utils.s                                  0x00000000   Number         0  utils.o ABSOLUTE
    RESET                                    0x00000000   Section      560  startup.o(RESET)
    $v0                                      0x00000208   Number         0  startup.o(RESET)
    !!!main                                  0x00000230   Section        8  __main.o(!!!main)
    !!!scatter                               0x00000238   Section       52  __scatter.o(!!!scatter)
    !!handler_zi                             0x0000026c   Section       28  __scatter_zi.o(!!handler_zi)
    .ARM.Collect$$libinit$$00000000          0x00000288   Section        2  libinit.o(.ARM.Collect$$libinit$$00000000)
    .ARM.Collect$$libinit$$00000001          0x0000028a   Section        4  libinit2.o(.ARM.Collect$$libinit$$00000001)
    .ARM.Collect$$libinit$$00000004          0x0000028e   Section        0  libinit2.o(.ARM.Collect$$libinit$$00000004)
    .ARM.Collect$$libinit$$0000000A          0x0000028e   Section        0  libinit2.o(.ARM.Collect$$libinit$$0000000A)
    .ARM.Collect$$libinit$$0000000C          0x0000028e   Section        0  libinit2.o(.ARM.Collect$$libinit$$0000000C)
    .ARM.Collect$$libinit$$0000000E          0x0000028e   Section        0  libinit2.o(.ARM.Collect$$libinit$$0000000E)
    .ARM.Collect$$libinit$$00000011          0x0000028e   Section        0  libinit2.o(.ARM.Collect$$libinit$$00000011)
    .ARM.Collect$$libinit$$00000013          0x0000028e   Section        0  libinit2.o(.ARM.Collect$$libinit$$00000013)
    .ARM.Collect$$libinit$$00000015          0x0000028e   Section        0  libinit2.o(.ARM.Collect$$libinit$$00000015)
    .ARM.Collect$$libinit$$00000017          0x0000028e   Section        0  libinit2.o(.ARM.Collect$$libinit$$00000017)
    .ARM.Collect$$libinit$$00000019          0x0000028e   Section        0  libinit2.o(.ARM.Collect$$libinit$$00000019)
    .ARM.Collect$$libinit$$0000001B          0x0000028e   Section        0  libinit2.o(.ARM.Collect$$libinit$$0000001B)
    .ARM.Collect$$libinit$$0000001D          0x0000028e   Section        0  libinit2.o(.ARM.Collect$$libinit$$0000001D)
    .ARM.Collect$$libinit$$0000001F          0x0000028e   Section        0  libinit2.o(.ARM.Collect$$libinit$$0000001F)
    .ARM.Collect$$libinit$$00000021          0x0000028e   Section        0  libinit2.o(.ARM.Collect$$libinit$$00000021)
    .ARM.Collect$$libinit$$00000023          0x0000028e   Section        0  libinit2.o(.ARM.Collect$$libinit$$00000023)
    .ARM.Collect$$libinit$$00000025          0x0000028e   Section        0  libinit2.o(.ARM.Collect$$libinit$$00000025)
    .ARM.Collect$$libinit$$0000002C          0x0000028e   Section        0  libinit2.o(.ARM.Collect$$libinit$$0000002C)
    .ARM.Collect$$libinit$$0000002E          0x0000028e   Section        0  libinit2.o(.ARM.Collect$$libinit$$0000002E)
    .ARM.Collect$$libinit$$00000030          0x0000028e   Section        0  libinit2.o(.ARM.Collect$$libinit$$00000030)
    .ARM.Collect$$libinit$$00000032          0x0000028e   Section        0  libinit2.o(.ARM.Collect$$libinit$$00000032)
    .ARM.Collect$$libinit$$00000033          0x0000028e   Section        2  libinit2.o(.ARM.Collect$$libinit$$00000033)
    .ARM.Collect$$libshutdown$$00000000      0x00000290   Section        2  libshutdown.o(.ARM.Collect$$libshutdown$$00000000)
    .ARM.Collect$$libshutdown$$00000002      0x00000292   Section        0  libshutdown2.o(.ARM.Collect$$libshutdown$$00000002)
    .ARM.Collect$$libshutdown$$00000004      0x00000292   Section        0  libshutdown2.o(.ARM.Collect$$libshutdown$$00000004)
    .ARM.Collect$$libshutdown$$00000007      0x00000292   Section        0  libshutdown2.o(.ARM.Collect$$libshutdown$$00000007)
    .ARM.Collect$$libshutdown$$0000000A      0x00000292   Section        0  libshutdown2.o(.ARM.Collect$$libshutdown$$0000000A)
    .ARM.Collect$$libshutdown$$0000000C      0x00000292   Section        0  libshutdown2.o(.ARM.Collect$$libshutdown$$0000000C)
    .ARM.Collect$$libshutdown$$0000000F      0x00000292   Section        0  libshutdown2.o(.ARM.Collect$$libshutdown$$0000000F)
    .ARM.Collect$$libshutdown$$00000010      0x00000292   Section        2  libshutdown2.o(.ARM.Collect$$libshutdown$$00000010)
    .ARM.Collect$$rtentry$$00000000          0x00000294   Section        0  __rtentry.o(.ARM.Collect$$rtentry$$00000000)
    .ARM.Collect$$rtentry$$00000002          0x00000294   Section        0  __rtentry2.o(.ARM.Collect$$rtentry$$00000002)
    .ARM.Collect$$rtentry$$00000004          0x00000294   Section        6  __rtentry4.o(.ARM.Collect$$rtentry$$00000004)
    .ARM.Collect$$rtentry$$00000009          0x0000029a   Section        0  __rtentry2.o(.ARM.Collect$$rtentry$$00000009)
    .ARM.Collect$$rtentry$$0000000A          0x0000029a   Section        4  __rtentry2.o(.ARM.Collect$$rtentry$$0000000A)
    .ARM.Collect$$rtentry$$0000000C          0x0000029e   Section        0  __rtentry2.o(.ARM.Collect$$rtentry$$0000000C)
    .ARM.Collect$$rtentry$$0000000D          0x0000029e   Section        8  __rtentry2.o(.ARM.Collect$$rtentry$$0000000D)
    .ARM.Collect$$rtexit$$00000000           0x000002a6   Section        2  rtexit.o(.ARM.Collect$$rtexit$$00000000)
    .ARM.Collect$$rtexit$$00000002           0x000002a8   Section        0  rtexit2.o(.ARM.Collect$$rtexit$$00000002)
    .ARM.Collect$$rtexit$$00000003           0x000002a8   Section        4  rtexit2.o(.ARM.Collect$$rtexit$$00000003)
    .ARM.Collect$$rtexit$$00000004           0x000002ac   Section        6  rtexit2.o(.ARM.Collect$$rtexit$$00000004)
    $v0                                      0x000002b4   Number         0  startup.o(.text)
    .text                                    0x000002b4   Section       48  startup.o(.text)
    $v0                                      0x000002e4   Number         0  utils.o(.text)
    .text                                    0x000002e4   Section      484  utils.o(.text)
    .text                                    0x000004c8   Section        0  heapauxi.o(.text)
    .text                                    0x000004ce   Section       74  sys_stackheap_outer.o(.text)
    .text                                    0x00000518   Section        0  exit.o(.text)
    .text                                    0x0000052c   Section        8  libspace.o(.text)
    .text                                    0x00000534   Section        0  sys_exit.o(.text)
    .text                                    0x00000540   Section        2  use_no_semi.o(.text)
    .text                                    0x00000542   Section        0  indicate_semi.o(.text)
    [Anonymous Symbol]                       0x00000544   Section        0  gpio.o(.text.GPIO_Init)
    [Anonymous Symbol]                       0x00000660   Section        0  gpio.o(.text.Timer2A_Handler)
    [Anonymous Symbol]                       0x0000082c   Section        0  gpio.o(.text.escreveUART)
    [Anonymous Symbol]                       0x0000085c   Section        0  gpio.o(.text.lePot)
    [Anonymous Symbol]                       0x00000878   Section        0  gpio.o(.text.leUART)
    [Anonymous Symbol]                       0x0000088c   Section        0  main.o(.text.main)
    [Anonymous Symbol]                       0x00000ad4   Section        0  gpio.o(.text.timer_init)
    $v0                                      0x00000b54   Number         0  d2f.o(x$fpl$d2f)
    x$fpl$d2f                                0x00000b54   Section       98  d2f.o(x$fpl$d2f)
    $v0                                      0x00000bb8   Number         0  daddsub_clz.o(x$fpl$dadd)
    x$fpl$dadd                               0x00000bb8   Section      336  daddsub_clz.o(x$fpl$dadd)
    _dadd1                                   0x00000bc9   Thumb Code     0  daddsub_clz.o(x$fpl$dadd)
    $v0                                      0x00000d08   Number         0  dfixu.o(x$fpl$dfixu)
    x$fpl$dfixu                              0x00000d08   Section       90  dfixu.o(x$fpl$dfixu)
    $v0                                      0x00000d64   Number         0  dmul.o(x$fpl$dmul)
    x$fpl$dmul                               0x00000d64   Section      340  dmul.o(x$fpl$dmul)
    $v0                                      0x00000eb8   Number         0  dnaninf.o(x$fpl$dnaninf)
    x$fpl$dnaninf                            0x00000eb8   Section      156  dnaninf.o(x$fpl$dnaninf)
    $v0                                      0x00000f54   Number         0  dretinf.o(x$fpl$dretinf)
    x$fpl$dretinf                            0x00000f54   Section       12  dretinf.o(x$fpl$dretinf)
    $v0                                      0x00000f60   Number         0  daddsub_clz.o(x$fpl$dsub)
    x$fpl$dsub                               0x00000f60   Section      476  daddsub_clz.o(x$fpl$dsub)
    _dsub1                                   0x00000f71   Thumb Code     0  daddsub_clz.o(x$fpl$dsub)
    $v0                                      0x0000113c   Number         0  f2d.o(x$fpl$f2d)
    x$fpl$f2d                                0x0000113c   Section       86  f2d.o(x$fpl$f2d)
    $v0                                      0x00001192   Number         0  fnaninf.o(x$fpl$fnaninf)
    x$fpl$fnaninf                            0x00001192   Section      140  fnaninf.o(x$fpl$fnaninf)
    $v0                                      0x0000121e   Number         0  fpinit.o(x$fpl$fpinit)
    x$fpl$fpinit                             0x0000121e   Section       26  fpinit.o(x$fpl$fpinit)
    $v0                                      0x00001238   Number         0  fretinf.o(x$fpl$fretinf)
    x$fpl$fretinf                            0x00001238   Section       10  fretinf.o(x$fpl$fretinf)
    .L.str.1                                 0x00001242   Data          59  main.o(.rodata..L.str.1)
    x$fpl$usenofp                            0x00001242   Section        0  usenofp.o(x$fpl$usenofp)
    .L.str.12                                0x0000127d   Data          21  main.o(.rodata..L.str.12)
    .L.str.13                                0x00001292   Data          26  main.o(.rodata..L.str.13)
    .L.str.14                                0x000012ac   Data          74  main.o(.rodata..L.str.14)
    .L.str.15                                0x000012f6   Data          31  main.o(.rodata..L.str.15)
    .L.str.16                                0x00001315   Data         245  main.o(.rodata..L.str.16)
    .L.str.17                                0x0000140a   Data          13  main.o(.rodata..L.str.17)
    .L.str.2                                 0x00001417   Data          61  main.o(.rodata..L.str.2)
    .L.str.3                                 0x00001454   Data          61  main.o(.rodata..L.str.3)
    .L.str.4                                 0x00001491   Data          61  main.o(.rodata..L.str.4)
    .L.str.5                                 0x000014ce   Data          61  main.o(.rodata..L.str.5)
    .L.str.6                                 0x0000150b   Data          61  main.o(.rodata..L.str.6)
    .L.str.7                                 0x00001548   Data          61  main.o(.rodata..L.str.7)
    .L.str.8                                 0x00001585   Data          61  main.o(.rodata..L.str.8)
    .L.str.18                                0x000015c2   Data          16  main.o(.rodata.cst16)
    .bss                                     0x20000000   Section       96  libspace.o(.bss)
    HeapMem                                  0x20000070   Data           0  startup.o(HEAP)
    StackMem                                 0x20000070   Data           0  startup.o(STACK)
    HEAP                                     0x20000070   Section        0  startup.o(HEAP)
    STACK                                    0x20000070   Section     1024  startup.o(STACK)

    Global Symbols

    Symbol Name                              Value     Ov Type        Size  Object(Section)

    BuildAttributes$$THM_ISAv4$E$P$D$K$B$S$7EM$VFPi3$EXTD16$VFPS$VFMA$PE$A:L22UL41UL21$X:L11$S22US41US21$IEEE1$IW$~IW$USESV6$~STKCKD$USESV7$~SHL$OTIME$ROPI$EBA8$UX$STANDARDLIB$REQ8$PRES8$EABIv2 0x00000000   Number         0  anon$$obj.o ABSOLUTE
    __Vectors                                0x00000000   Data           0  startup.o(RESET)
    __ARM_exceptions_init                     - Undefined Weak Reference
    __alloca_initialize                       - Undefined Weak Reference
    __arm_preinit_                            - Undefined Weak Reference
    __cpp_initialize__aeabi_                  - Undefined Weak Reference
    __cxa_finalize                            - Undefined Weak Reference
    __rt_locale                               - Undefined Weak Reference
    __sigvec_lookup                           - Undefined Weak Reference
    _atexit_init                              - Undefined Weak Reference
    _call_atexit_fns                          - Undefined Weak Reference
    _clock_init                               - Undefined Weak Reference
    _fp_trap_init                             - Undefined Weak Reference
    _fp_trap_shutdown                         - Undefined Weak Reference
    _get_lc_collate                           - Undefined Weak Reference
    _get_lc_ctype                             - Undefined Weak Reference
    _get_lc_monetary                          - Undefined Weak Reference
    _get_lc_numeric                           - Undefined Weak Reference
    _get_lc_time                              - Undefined Weak Reference
    _getenv_init                              - Undefined Weak Reference
    _handle_redirection                       - Undefined Weak Reference
    _init_alloc                               - Undefined Weak Reference
    _init_user_alloc                          - Undefined Weak Reference
    _initio                                   - Undefined Weak Reference
    _rand_init                                - Undefined Weak Reference
    _signal_finish                            - Undefined Weak Reference
    _signal_init                              - Undefined Weak Reference
    _terminate_alloc                          - Undefined Weak Reference
    _terminate_user_alloc                     - Undefined Weak Reference
    _terminateio                              - Undefined Weak Reference
    Reset_Handler                            0x00000209   Thumb Code     0  startup.o(RESET)
    NMI_Handler                              0x0000021d   Thumb Code     2  startup.o(RESET)
    HardFault_Handler                        0x0000021f   Thumb Code     2  startup.o(RESET)
    MemManage_Handler                        0x00000221   Thumb Code     2  startup.o(RESET)
    BusFault_Handler                         0x00000223   Thumb Code     2  startup.o(RESET)
    UsageFault_Handler                       0x00000225   Thumb Code     2  startup.o(RESET)
    SVC_Handler                              0x00000227   Thumb Code     2  startup.o(RESET)
    DebugMon_Handler                         0x00000229   Thumb Code     2  startup.o(RESET)
    PendSV_Handler                           0x0000022b   Thumb Code     2  startup.o(RESET)
    SysTick_Handler                          0x0000022d   Thumb Code     2  startup.o(RESET)
    ADC0Seq0_Handler                         0x0000022f   Thumb Code     0  startup.o(RESET)
    ADC0Seq1_Handler                         0x0000022f   Thumb Code     0  startup.o(RESET)
    ADC0Seq2_Handler                         0x0000022f   Thumb Code     0  startup.o(RESET)
    ADC0Seq3_Handler                         0x0000022f   Thumb Code     0  startup.o(RESET)
    ADC1Seq0_Handler                         0x0000022f   Thumb Code     0  startup.o(RESET)
    ADC1Seq1_Handler                         0x0000022f   Thumb Code     0  startup.o(RESET)
    ADC1Seq2_Handler                         0x0000022f   Thumb Code     0  startup.o(RESET)
    ADC1Seq3_Handler                         0x0000022f   Thumb Code     0  startup.o(RESET)
    CAN0_Handler                             0x0000022f   Thumb Code     0  startup.o(RESET)
    CAN1_Handler                             0x0000022f   Thumb Code     0  startup.o(RESET)
    Comp0_Handler                            0x0000022f   Thumb Code     0  startup.o(RESET)
    Comp1_Handler                            0x0000022f   Thumb Code     0  startup.o(RESET)
    Comp2_Handler                            0x0000022f   Thumb Code     0  startup.o(RESET)
    Ethernet_Handler                         0x0000022f   Thumb Code     0  startup.o(RESET)
    ExtBus_Handler                           0x0000022f   Thumb Code     0  startup.o(RESET)
    FPU_Handler                              0x0000022f   Thumb Code     0  startup.o(RESET)
    FlashCtl_Handler                         0x0000022f   Thumb Code     0  startup.o(RESET)
    GPIOPortA_Handler                        0x0000022f   Thumb Code     0  startup.o(RESET)
    GPIOPortB_Handler                        0x0000022f   Thumb Code     0  startup.o(RESET)
    GPIOPortC_Handler                        0x0000022f   Thumb Code     0  startup.o(RESET)
    GPIOPortD_Handler                        0x0000022f   Thumb Code     0  startup.o(RESET)
    GPIOPortE_Handler                        0x0000022f   Thumb Code     0  startup.o(RESET)
    GPIOPortF_Handler                        0x0000022f   Thumb Code     0  startup.o(RESET)
    GPIOPortG_Handler                        0x0000022f   Thumb Code     0  startup.o(RESET)
    GPIOPortH_Handler                        0x0000022f   Thumb Code     0  startup.o(RESET)
    GPIOPortJ_Handler                        0x0000022f   Thumb Code     0  startup.o(RESET)
    GPIOPortK_Handler                        0x0000022f   Thumb Code     0  startup.o(RESET)
    GPIOPortL_Handler                        0x0000022f   Thumb Code     0  startup.o(RESET)
    GPIOPortM_Handler                        0x0000022f   Thumb Code     0  startup.o(RESET)
    GPIOPortN_Handler                        0x0000022f   Thumb Code     0  startup.o(RESET)
    GPIOPortP1_Handler                       0x0000022f   Thumb Code     0  startup.o(RESET)
    GPIOPortP2_Handler                       0x0000022f   Thumb Code     0  startup.o(RESET)
    GPIOPortP3_Handler                       0x0000022f   Thumb Code     0  startup.o(RESET)
    GPIOPortP4_Handler                       0x0000022f   Thumb Code     0  startup.o(RESET)
    GPIOPortP5_Handler                       0x0000022f   Thumb Code     0  startup.o(RESET)
    GPIOPortP6_Handler                       0x0000022f   Thumb Code     0  startup.o(RESET)
    GPIOPortP7_Handler                       0x0000022f   Thumb Code     0  startup.o(RESET)
    GPIOPortP_Handler                        0x0000022f   Thumb Code     0  startup.o(RESET)
    GPIOPortQ1_Handler                       0x0000022f   Thumb Code     0  startup.o(RESET)
    GPIOPortQ2_Handler                       0x0000022f   Thumb Code     0  startup.o(RESET)
    GPIOPortQ3_Handler                       0x0000022f   Thumb Code     0  startup.o(RESET)
    GPIOPortQ4_Handler                       0x0000022f   Thumb Code     0  startup.o(RESET)
    GPIOPortQ5_Handler                       0x0000022f   Thumb Code     0  startup.o(RESET)
    GPIOPortQ6_Handler                       0x0000022f   Thumb Code     0  startup.o(RESET)
    GPIOPortQ7_Handler                       0x0000022f   Thumb Code     0  startup.o(RESET)
    GPIOPortQ_Handler                        0x0000022f   Thumb Code     0  startup.o(RESET)
    Hibernate_Handler                        0x0000022f   Thumb Code     0  startup.o(RESET)
    I2C0_Handler                             0x0000022f   Thumb Code     0  startup.o(RESET)
    I2C1_Handler                             0x0000022f   Thumb Code     0  startup.o(RESET)
    I2C2_Handler                             0x0000022f   Thumb Code     0  startup.o(RESET)
    I2C3_Handler                             0x0000022f   Thumb Code     0  startup.o(RESET)
    I2C4_Handler                             0x0000022f   Thumb Code     0  startup.o(RESET)
    I2C5_Handler                             0x0000022f   Thumb Code     0  startup.o(RESET)
    I2C6_Handler                             0x0000022f   Thumb Code     0  startup.o(RESET)
    I2C7_Handler                             0x0000022f   Thumb Code     0  startup.o(RESET)
    I2C8_Handler                             0x0000022f   Thumb Code     0  startup.o(RESET)
    I2C9_Handler                             0x0000022f   Thumb Code     0  startup.o(RESET)
    PWM0Fault_Handler                        0x0000022f   Thumb Code     0  startup.o(RESET)
    PWM0Generator0_Handler                   0x0000022f   Thumb Code     0  startup.o(RESET)
    PWM0Generator1_Handler                   0x0000022f   Thumb Code     0  startup.o(RESET)
    PWM0Generator2_Handler                   0x0000022f   Thumb Code     0  startup.o(RESET)
    PWM0Generator3_Handler                   0x0000022f   Thumb Code     0  startup.o(RESET)
    Quadrature0_Handler                      0x0000022f   Thumb Code     0  startup.o(RESET)
    SSI0_Handler                             0x0000022f   Thumb Code     0  startup.o(RESET)
    SSI1_Handler                             0x0000022f   Thumb Code     0  startup.o(RESET)
    SSI2_Handler                             0x0000022f   Thumb Code     0  startup.o(RESET)
    SSI3_Handler                             0x0000022f   Thumb Code     0  startup.o(RESET)
    SysCtl_Handler                           0x0000022f   Thumb Code     0  startup.o(RESET)
    Tamper_Handler                           0x0000022f   Thumb Code     0  startup.o(RESET)
    Timer0A_Handler                          0x0000022f   Thumb Code     0  startup.o(RESET)
    Timer0B_Handler                          0x0000022f   Thumb Code     0  startup.o(RESET)
    Timer1A_Handler                          0x0000022f   Thumb Code     0  startup.o(RESET)
    Timer1B_Handler                          0x0000022f   Thumb Code     0  startup.o(RESET)
    Timer2B_Handler                          0x0000022f   Thumb Code     0  startup.o(RESET)
    Timer3A_Handler                          0x0000022f   Thumb Code     0  startup.o(RESET)
    Timer3B_Handler                          0x0000022f   Thumb Code     0  startup.o(RESET)
    Timer4A_Handler                          0x0000022f   Thumb Code     0  startup.o(RESET)
    Timer4B_Handler                          0x0000022f   Thumb Code     0  startup.o(RESET)
    Timer5A_Handler                          0x0000022f   Thumb Code     0  startup.o(RESET)
    Timer5B_Handler                          0x0000022f   Thumb Code     0  startup.o(RESET)
    Timer6A_Handler                          0x0000022f   Thumb Code     0  startup.o(RESET)
    Timer6B_Handler                          0x0000022f   Thumb Code     0  startup.o(RESET)
    Timer7A_Handler                          0x0000022f   Thumb Code     0  startup.o(RESET)
    Timer7B_Handler                          0x0000022f   Thumb Code     0  startup.o(RESET)
    UART0_Handler                            0x0000022f   Thumb Code     0  startup.o(RESET)
    UART1_Handler                            0x0000022f   Thumb Code     0  startup.o(RESET)
    UART2_Handler                            0x0000022f   Thumb Code     0  startup.o(RESET)
    UART3_Handler                            0x0000022f   Thumb Code     0  startup.o(RESET)
    UART4_Handler                            0x0000022f   Thumb Code     0  startup.o(RESET)
    UART5_Handler                            0x0000022f   Thumb Code     0  startup.o(RESET)
    UART6_Handler                            0x0000022f   Thumb Code     0  startup.o(RESET)
    UART7_Handler                            0x0000022f   Thumb Code     0  startup.o(RESET)
    USB0_Handler                             0x0000022f   Thumb Code     0  startup.o(RESET)
    WDT_Handler                              0x0000022f   Thumb Code     0  startup.o(RESET)
    uDMA_Error                               0x0000022f   Thumb Code     0  startup.o(RESET)
    uDMA_Handler                             0x0000022f   Thumb Code     0  startup.o(RESET)
    __main                                   0x00000231   Thumb Code     8  __main.o(!!!main)
    __scatterload                            0x00000239   Thumb Code     0  __scatter.o(!!!scatter)
    __scatterload_rt2                        0x00000239   Thumb Code    44  __scatter.o(!!!scatter)
    __scatterload_rt2_thumb_only             0x00000239   Thumb Code     0  __scatter.o(!!!scatter)
    __scatterload_null                       0x00000247   Thumb Code     0  __scatter.o(!!!scatter)
    __scatterload_zeroinit                   0x0000026d   Thumb Code    28  __scatter_zi.o(!!handler_zi)
    __rt_lib_init                            0x00000289   Thumb Code     0  libinit.o(.ARM.Collect$$libinit$$00000000)
    __rt_lib_init_fp_1                       0x0000028b   Thumb Code     0  libinit2.o(.ARM.Collect$$libinit$$00000001)
    __rt_lib_init_alloca_1                   0x0000028f   Thumb Code     0  libinit2.o(.ARM.Collect$$libinit$$0000002E)
    __rt_lib_init_argv_1                     0x0000028f   Thumb Code     0  libinit2.o(.ARM.Collect$$libinit$$0000002C)
    __rt_lib_init_atexit_1                   0x0000028f   Thumb Code     0  libinit2.o(.ARM.Collect$$libinit$$0000001B)
    __rt_lib_init_clock_1                    0x0000028f   Thumb Code     0  libinit2.o(.ARM.Collect$$libinit$$00000021)
    __rt_lib_init_cpp_1                      0x0000028f   Thumb Code     0  libinit2.o(.ARM.Collect$$libinit$$00000032)
    __rt_lib_init_exceptions_1               0x0000028f   Thumb Code     0  libinit2.o(.ARM.Collect$$libinit$$00000030)
    __rt_lib_init_fp_trap_1                  0x0000028f   Thumb Code     0  libinit2.o(.ARM.Collect$$libinit$$0000001F)
    __rt_lib_init_getenv_1                   0x0000028f   Thumb Code     0  libinit2.o(.ARM.Collect$$libinit$$00000023)
    __rt_lib_init_heap_1                     0x0000028f   Thumb Code     0  libinit2.o(.ARM.Collect$$libinit$$0000000A)
    __rt_lib_init_lc_collate_1               0x0000028f   Thumb Code     0  libinit2.o(.ARM.Collect$$libinit$$00000011)
    __rt_lib_init_lc_ctype_1                 0x0000028f   Thumb Code     0  libinit2.o(.ARM.Collect$$libinit$$00000013)
    __rt_lib_init_lc_monetary_1              0x0000028f   Thumb Code     0  libinit2.o(.ARM.Collect$$libinit$$00000015)
    __rt_lib_init_lc_numeric_1               0x0000028f   Thumb Code     0  libinit2.o(.ARM.Collect$$libinit$$00000017)
    __rt_lib_init_lc_time_1                  0x0000028f   Thumb Code     0  libinit2.o(.ARM.Collect$$libinit$$00000019)
    __rt_lib_init_preinit_1                  0x0000028f   Thumb Code     0  libinit2.o(.ARM.Collect$$libinit$$00000004)
    __rt_lib_init_rand_1                     0x0000028f   Thumb Code     0  libinit2.o(.ARM.Collect$$libinit$$0000000E)
    __rt_lib_init_return                     0x0000028f   Thumb Code     0  libinit2.o(.ARM.Collect$$libinit$$00000033)
    __rt_lib_init_signal_1                   0x0000028f   Thumb Code     0  libinit2.o(.ARM.Collect$$libinit$$0000001D)
    __rt_lib_init_stdio_1                    0x0000028f   Thumb Code     0  libinit2.o(.ARM.Collect$$libinit$$00000025)
    __rt_lib_init_user_alloc_1               0x0000028f   Thumb Code     0  libinit2.o(.ARM.Collect$$libinit$$0000000C)
    __rt_lib_shutdown                        0x00000291   Thumb Code     0  libshutdown.o(.ARM.Collect$$libshutdown$$00000000)
    __rt_lib_shutdown_cpp_1                  0x00000293   Thumb Code     0  libshutdown2.o(.ARM.Collect$$libshutdown$$00000002)
    __rt_lib_shutdown_fp_trap_1              0x00000293   Thumb Code     0  libshutdown2.o(.ARM.Collect$$libshutdown$$00000007)
    __rt_lib_shutdown_heap_1                 0x00000293   Thumb Code     0  libshutdown2.o(.ARM.Collect$$libshutdown$$0000000F)
    __rt_lib_shutdown_return                 0x00000293   Thumb Code     0  libshutdown2.o(.ARM.Collect$$libshutdown$$00000010)
    __rt_lib_shutdown_signal_1               0x00000293   Thumb Code     0  libshutdown2.o(.ARM.Collect$$libshutdown$$0000000A)
    __rt_lib_shutdown_stdio_1                0x00000293   Thumb Code     0  libshutdown2.o(.ARM.Collect$$libshutdown$$00000004)
    __rt_lib_shutdown_user_alloc_1           0x00000293   Thumb Code     0  libshutdown2.o(.ARM.Collect$$libshutdown$$0000000C)
    __rt_entry                               0x00000295   Thumb Code     0  __rtentry.o(.ARM.Collect$$rtentry$$00000000)
    __rt_entry_presh_1                       0x00000295   Thumb Code     0  __rtentry2.o(.ARM.Collect$$rtentry$$00000002)
    __rt_entry_sh                            0x00000295   Thumb Code     0  __rtentry4.o(.ARM.Collect$$rtentry$$00000004)
    __rt_entry_li                            0x0000029b   Thumb Code     0  __rtentry2.o(.ARM.Collect$$rtentry$$0000000A)
    __rt_entry_postsh_1                      0x0000029b   Thumb Code     0  __rtentry2.o(.ARM.Collect$$rtentry$$00000009)
    __rt_entry_main                          0x0000029f   Thumb Code     0  __rtentry2.o(.ARM.Collect$$rtentry$$0000000D)
    __rt_entry_postli_1                      0x0000029f   Thumb Code     0  __rtentry2.o(.ARM.Collect$$rtentry$$0000000C)
    __rt_exit                                0x000002a7   Thumb Code     0  rtexit.o(.ARM.Collect$$rtexit$$00000000)
    __rt_exit_ls                             0x000002a9   Thumb Code     0  rtexit2.o(.ARM.Collect$$rtexit$$00000003)
    __rt_exit_prels_1                        0x000002a9   Thumb Code     0  rtexit2.o(.ARM.Collect$$rtexit$$00000002)
    __rt_exit_exit                           0x000002ad   Thumb Code     0  rtexit2.o(.ARM.Collect$$rtexit$$00000004)
    DisableInterrupts                        0x000002b5   Thumb Code     0  startup.o(.text)
    EnableInterrupts                         0x000002b9   Thumb Code     0  startup.o(.text)
    StartCritical                            0x000002bd   Thumb Code     0  startup.o(.text)
    EndCritical                              0x000002c5   Thumb Code     0  startup.o(.text)
    WaitForInterrupt                         0x000002cb   Thumb Code     0  startup.o(.text)
    __user_initial_stackheap                 0x000002cf   Thumb Code     0  startup.o(.text)
    PLL_Init                                 0x000002e5   Thumb Code     0  utils.o(.text)
    SysTick_Init                             0x0000040d   Thumb Code     0  utils.o(.text)
    SysTick_Wait1ms                          0x00000447   Thumb Code     0  utils.o(.text)
    SysTick_Wait1us                          0x00000459   Thumb Code     0  utils.o(.text)
    __use_two_region_memory                  0x000004c9   Thumb Code     2  heapauxi.o(.text)
    __rt_heap_escrow$2region                 0x000004cb   Thumb Code     2  heapauxi.o(.text)
    __rt_heap_expand$2region                 0x000004cd   Thumb Code     2  heapauxi.o(.text)
    __user_setup_stackheap                   0x000004cf   Thumb Code    74  sys_stackheap_outer.o(.text)
    exit                                     0x00000519   Thumb Code    18  exit.o(.text)
    __user_libspace                          0x0000052d   Thumb Code     8  libspace.o(.text)
    __user_perproc_libspace                  0x0000052d   Thumb Code     0  libspace.o(.text)
    __user_perthread_libspace                0x0000052d   Thumb Code     0  libspace.o(.text)
    _sys_exit                                0x00000535   Thumb Code     8  sys_exit.o(.text)
    __I$use$semihosting                      0x00000541   Thumb Code     0  use_no_semi.o(.text)
    __use_no_semihosting_swi                 0x00000541   Thumb Code     2  use_no_semi.o(.text)
    __semihosting_library_function           0x00000543   Thumb Code     0  indicate_semi.o(.text)
    GPIO_Init                                0x00000545   Thumb Code   284  gpio.o(.text.GPIO_Init)
    Timer2A_Handler                          0x00000661   Thumb Code   460  gpio.o(.text.Timer2A_Handler)
    escreveUART                              0x0000082d   Thumb Code    48  gpio.o(.text.escreveUART)
    lePot                                    0x0000085d   Thumb Code    28  gpio.o(.text.lePot)
    leUART                                   0x00000879   Thumb Code    20  gpio.o(.text.leUART)
    main                                     0x0000088d   Thumb Code   452  main.o(.text.main)
    timer_init                               0x00000ad5   Thumb Code   128  gpio.o(.text.timer_init)
    __aeabi_d2f                              0x00000b55   Thumb Code     0  d2f.o(x$fpl$d2f)
    _d2f                                     0x00000b55   Thumb Code    98  d2f.o(x$fpl$d2f)
    __aeabi_dadd                             0x00000bb9   Thumb Code     0  daddsub_clz.o(x$fpl$dadd)
    _dadd                                    0x00000bb9   Thumb Code   332  daddsub_clz.o(x$fpl$dadd)
    __aeabi_d2uiz                            0x00000d09   Thumb Code     0  dfixu.o(x$fpl$dfixu)
    _dfixu                                   0x00000d09   Thumb Code    90  dfixu.o(x$fpl$dfixu)
    __aeabi_dmul                             0x00000d65   Thumb Code     0  dmul.o(x$fpl$dmul)
    _dmul                                    0x00000d65   Thumb Code   332  dmul.o(x$fpl$dmul)
    __fpl_dnaninf                            0x00000eb9   Thumb Code   156  dnaninf.o(x$fpl$dnaninf)
    __fpl_dretinf                            0x00000f55   Thumb Code    12  dretinf.o(x$fpl$dretinf)
    __aeabi_dsub                             0x00000f61   Thumb Code     0  daddsub_clz.o(x$fpl$dsub)
    _dsub                                    0x00000f61   Thumb Code   472  daddsub_clz.o(x$fpl$dsub)
    __aeabi_f2d                              0x0000113d   Thumb Code     0  f2d.o(x$fpl$f2d)
    _f2d                                     0x0000113d   Thumb Code    86  f2d.o(x$fpl$f2d)
    __fpl_fnaninf                            0x00001193   Thumb Code   140  fnaninf.o(x$fpl$fnaninf)
    _fp_init                                 0x0000121f   Thumb Code    26  fpinit.o(x$fpl$fpinit)
    __fplib_config_fpu_vfp                   0x00001237   Thumb Code     0  fpinit.o(x$fpl$fpinit)
    __fplib_config_pureend_doubles           0x00001237   Thumb Code     0  fpinit.o(x$fpl$fpinit)
    __fpl_fretinf                            0x00001239   Thumb Code    10  fretinf.o(x$fpl$fretinf)
    __I$use$fp                               0x00001242   Number         0  usenofp.o(x$fpl$usenofp)
    Region$$Table$$Base                      0x000015d4   Number         0  anon$$obj.o(Region$$Table)
    Region$$Table$$Limit                     0x000015e4   Number         0  anon$$obj.o(Region$$Table)
    __libspace_start                         0x20000000   Data          96  libspace.o(.bss)
    __temporary_stack_top$libspace           0x20000060   Data           0  libspace.o(.bss)
    comando                                  0x20000060   Data           1  main.o(.bss.comando)
    potIter                                  0x20000064   Data           4  gpio.o(.bss.potIter)
    sentido                                  0x20000068   Data           1  main.o(.bss.sentido)
    velOrigem                                0x20000069   Data           1  main.o(.bss.velOrigem)
    velocidade                               0x2000006a   Data           1  main.o(.bss.velocidade)



==============================================================================

Memory Map of the image

  Image Entry point : 0x00000209

  Load Region LR_1 (Base: 0x00000000, Size: 0x000015e4, Max: 0xffffffff, ABSOLUTE)

    Execution Region ER_RO (Exec base: 0x00000000, Load base: 0x00000000, Size: 0x000015e4, Max: 0xffffffff, ABSOLUTE)

    Exec Addr    Load Addr    Size         Type   Attr      Idx    E Section Name        Object

    0x00000000   0x00000000   0x00000230   Code   RO           54  * RESET               startup.o
    0x00000230   0x00000230   0x00000008   Code   RO           70  * !!!main             c_w.l(__main.o)
    0x00000238   0x00000238   0x00000034   Code   RO          258    !!!scatter          c_w.l(__scatter.o)
    0x0000026c   0x0000026c   0x0000001c   Code   RO          260    !!handler_zi        c_w.l(__scatter_zi.o)
    0x00000288   0x00000288   0x00000002   Code   RO          122    .ARM.Collect$$libinit$$00000000  c_w.l(libinit.o)
    0x0000028a   0x0000028a   0x00000004   Code   RO          128    .ARM.Collect$$libinit$$00000001  c_w.l(libinit2.o)
    0x0000028e   0x0000028e   0x00000000   Code   RO          131    .ARM.Collect$$libinit$$00000004  c_w.l(libinit2.o)
    0x0000028e   0x0000028e   0x00000000   Code   RO          134    .ARM.Collect$$libinit$$0000000A  c_w.l(libinit2.o)
    0x0000028e   0x0000028e   0x00000000   Code   RO          136    .ARM.Collect$$libinit$$0000000C  c_w.l(libinit2.o)
    0x0000028e   0x0000028e   0x00000000   Code   RO          138    .ARM.Collect$$libinit$$0000000E  c_w.l(libinit2.o)
    0x0000028e   0x0000028e   0x00000000   Code   RO          141    .ARM.Collect$$libinit$$00000011  c_w.l(libinit2.o)
    0x0000028e   0x0000028e   0x00000000   Code   RO          143    .ARM.Collect$$libinit$$00000013  c_w.l(libinit2.o)
    0x0000028e   0x0000028e   0x00000000   Code   RO          145    .ARM.Collect$$libinit$$00000015  c_w.l(libinit2.o)
    0x0000028e   0x0000028e   0x00000000   Code   RO          147    .ARM.Collect$$libinit$$00000017  c_w.l(libinit2.o)
    0x0000028e   0x0000028e   0x00000000   Code   RO          149    .ARM.Collect$$libinit$$00000019  c_w.l(libinit2.o)
    0x0000028e   0x0000028e   0x00000000   Code   RO          151    .ARM.Collect$$libinit$$0000001B  c_w.l(libinit2.o)
    0x0000028e   0x0000028e   0x00000000   Code   RO          153    .ARM.Collect$$libinit$$0000001D  c_w.l(libinit2.o)
    0x0000028e   0x0000028e   0x00000000   Code   RO          155    .ARM.Collect$$libinit$$0000001F  c_w.l(libinit2.o)
    0x0000028e   0x0000028e   0x00000000   Code   RO          157    .ARM.Collect$$libinit$$00000021  c_w.l(libinit2.o)
    0x0000028e   0x0000028e   0x00000000   Code   RO          159    .ARM.Collect$$libinit$$00000023  c_w.l(libinit2.o)
    0x0000028e   0x0000028e   0x00000000   Code   RO          161    .ARM.Collect$$libinit$$00000025  c_w.l(libinit2.o)
    0x0000028e   0x0000028e   0x00000000   Code   RO          165    .ARM.Collect$$libinit$$0000002C  c_w.l(libinit2.o)
    0x0000028e   0x0000028e   0x00000000   Code   RO          167    .ARM.Collect$$libinit$$0000002E  c_w.l(libinit2.o)
    0x0000028e   0x0000028e   0x00000000   Code   RO          169    .ARM.Collect$$libinit$$00000030  c_w.l(libinit2.o)
    0x0000028e   0x0000028e   0x00000000   Code   RO          171    .ARM.Collect$$libinit$$00000032  c_w.l(libinit2.o)
    0x0000028e   0x0000028e   0x00000002   Code   RO          172    .ARM.Collect$$libinit$$00000033  c_w.l(libinit2.o)
    0x00000290   0x00000290   0x00000002   Code   RO          194    .ARM.Collect$$libshutdown$$00000000  c_w.l(libshutdown.o)
    0x00000292   0x00000292   0x00000000   Code   RO          209    .ARM.Collect$$libshutdown$$00000002  c_w.l(libshutdown2.o)
    0x00000292   0x00000292   0x00000000   Code   RO          211    .ARM.Collect$$libshutdown$$00000004  c_w.l(libshutdown2.o)
    0x00000292   0x00000292   0x00000000   Code   RO          214    .ARM.Collect$$libshutdown$$00000007  c_w.l(libshutdown2.o)
    0x00000292   0x00000292   0x00000000   Code   RO          217    .ARM.Collect$$libshutdown$$0000000A  c_w.l(libshutdown2.o)
    0x00000292   0x00000292   0x00000000   Code   RO          219    .ARM.Collect$$libshutdown$$0000000C  c_w.l(libshutdown2.o)
    0x00000292   0x00000292   0x00000000   Code   RO          222    .ARM.Collect$$libshutdown$$0000000F  c_w.l(libshutdown2.o)
    0x00000292   0x00000292   0x00000002   Code   RO          223    .ARM.Collect$$libshutdown$$00000010  c_w.l(libshutdown2.o)
    0x00000294   0x00000294   0x00000000   Code   RO           88    .ARM.Collect$$rtentry$$00000000  c_w.l(__rtentry.o)
    0x00000294   0x00000294   0x00000000   Code   RO           99    .ARM.Collect$$rtentry$$00000002  c_w.l(__rtentry2.o)
    0x00000294   0x00000294   0x00000006   Code   RO          111    .ARM.Collect$$rtentry$$00000004  c_w.l(__rtentry4.o)
    0x0000029a   0x0000029a   0x00000000   Code   RO          101    .ARM.Collect$$rtentry$$00000009  c_w.l(__rtentry2.o)
    0x0000029a   0x0000029a   0x00000004   Code   RO          102    .ARM.Collect$$rtentry$$0000000A  c_w.l(__rtentry2.o)
    0x0000029e   0x0000029e   0x00000000   Code   RO          104    .ARM.Collect$$rtentry$$0000000C  c_w.l(__rtentry2.o)
    0x0000029e   0x0000029e   0x00000008   Code   RO          105    .ARM.Collect$$rtentry$$0000000D  c_w.l(__rtentry2.o)
    0x000002a6   0x000002a6   0x00000002   Code   RO          126    .ARM.Collect$$rtexit$$00000000  c_w.l(rtexit.o)
    0x000002a8   0x000002a8   0x00000000   Code   RO          174    .ARM.Collect$$rtexit$$00000002  c_w.l(rtexit2.o)
    0x000002a8   0x000002a8   0x00000004   Code   RO          175    .ARM.Collect$$rtexit$$00000003  c_w.l(rtexit2.o)
    0x000002ac   0x000002ac   0x00000006   Code   RO          176    .ARM.Collect$$rtexit$$00000004  c_w.l(rtexit2.o)
    0x000002b2   0x000002b2   0x00000002   PAD
    0x000002b4   0x000002b4   0x00000030   Code   RO           55    .text               startup.o
    0x000002e4   0x000002e4   0x000001e4   Code   RO           63    .text               utils.o
    0x000004c8   0x000004c8   0x00000006   Code   RO           68    .text               c_w.l(heapauxi.o)
    0x000004ce   0x000004ce   0x0000004a   Code   RO          113    .text               c_w.l(sys_stackheap_outer.o)
    0x00000518   0x00000518   0x00000012   Code   RO          115    .text               c_w.l(exit.o)
    0x0000052a   0x0000052a   0x00000002   PAD
    0x0000052c   0x0000052c   0x00000008   Code   RO          123    .text               c_w.l(libspace.o)
    0x00000534   0x00000534   0x0000000c   Code   RO          184    .text               c_w.l(sys_exit.o)
    0x00000540   0x00000540   0x00000002   Code   RO          199    .text               c_w.l(use_no_semi.o)
    0x00000542   0x00000542   0x00000000   Code   RO          201    .text               c_w.l(indicate_semi.o)
    0x00000542   0x00000542   0x00000002   PAD
    0x00000544   0x00000544   0x0000011c   Code   RO            2    .text.GPIO_Init     gpio.o
    0x00000660   0x00000660   0x000001cc   Code   RO           12    .text.Timer2A_Handler  gpio.o
    0x0000082c   0x0000082c   0x00000030   Code   RO            8    .text.escreveUART   gpio.o
    0x0000085c   0x0000085c   0x0000001c   Code   RO           10    .text.lePot         gpio.o
    0x00000878   0x00000878   0x00000014   Code   RO            6    .text.leUART        gpio.o
    0x0000088c   0x0000088c   0x00000248   Code   RO           24    .text.main          main.o
    0x00000ad4   0x00000ad4   0x00000080   Code   RO            4    .text.timer_init    gpio.o
    0x00000b54   0x00000b54   0x00000062   Code   RO           72    x$fpl$d2f           fz_wm.l(d2f.o)
    0x00000bb6   0x00000bb6   0x00000002   PAD
    0x00000bb8   0x00000bb8   0x00000150   Code   RO           74    x$fpl$dadd          fz_wm.l(daddsub_clz.o)
    0x00000d08   0x00000d08   0x0000005a   Code   RO           80    x$fpl$dfixu         fz_wm.l(dfixu.o)
    0x00000d62   0x00000d62   0x00000002   PAD
    0x00000d64   0x00000d64   0x00000154   Code   RO           84    x$fpl$dmul          fz_wm.l(dmul.o)
    0x00000eb8   0x00000eb8   0x0000009c   Code   RO           89    x$fpl$dnaninf       fz_wm.l(dnaninf.o)
    0x00000f54   0x00000f54   0x0000000c   Code   RO           91    x$fpl$dretinf       fz_wm.l(dretinf.o)
    0x00000f60   0x00000f60   0x000001dc   Code   RO           76    x$fpl$dsub          fz_wm.l(daddsub_clz.o)
    0x0000113c   0x0000113c   0x00000056   Code   RO           86    x$fpl$f2d           fz_wm.l(f2d.o)
    0x00001192   0x00001192   0x0000008c   Code   RO           93    x$fpl$fnaninf       fz_wm.l(fnaninf.o)
    0x0000121e   0x0000121e   0x0000001a   Code   RO          182    x$fpl$fpinit        fz_wm.l(fpinit.o)
    0x00001238   0x00001238   0x0000000a   Code   RO           95    x$fpl$fretinf       fz_wm.l(fretinf.o)
    0x00001242   0x00001242   0x00000000   Code   RO           97    x$fpl$usenofp       fz_wm.l(usenofp.o)
    0x00001242   0x00001242   0x0000003b   Data   RO           27    .rodata..L.str.1    main.o
    0x0000127d   0x0000127d   0x00000015   Data   RO           36    .rodata..L.str.12   main.o
    0x00001292   0x00001292   0x0000001a   Data   RO           37    .rodata..L.str.13   main.o
    0x000012ac   0x000012ac   0x0000004a   Data   RO           38    .rodata..L.str.14   main.o
    0x000012f6   0x000012f6   0x0000001f   Data   RO           40    .rodata..L.str.15   main.o
    0x00001315   0x00001315   0x000000f5   Data   RO           41    .rodata..L.str.16   main.o
    0x0000140a   0x0000140a   0x0000000d   Data   RO           43    .rodata..L.str.17   main.o
    0x00001417   0x00001417   0x0000003d   Data   RO           28    .rodata..L.str.2    main.o
    0x00001454   0x00001454   0x0000003d   Data   RO           29    .rodata..L.str.3    main.o
    0x00001491   0x00001491   0x0000003d   Data   RO           30    .rodata..L.str.4    main.o
    0x000014ce   0x000014ce   0x0000003d   Data   RO           31    .rodata..L.str.5    main.o
    0x0000150b   0x0000150b   0x0000003d   Data   RO           32    .rodata..L.str.6    main.o
    0x00001548   0x00001548   0x0000003d   Data   RO           33    .rodata..L.str.7    main.o
    0x00001585   0x00001585   0x0000003d   Data   RO           34    .rodata..L.str.8    main.o
    0x000015c2   0x000015c2   0x00000010   Data   RO           44    .rodata.cst16       main.o
    0x000015d2   0x000015d2   0x00000002   PAD
    0x000015d4   0x000015d4   0x00000010   Data   RO          257    Region$$Table       anon$$obj.o


    Execution Region ER_RW (Exec base: 0x20000000, Load base: 0x000015e4, Size: 0x00000000, Max: 0xffffffff, ABSOLUTE)

    **** No section assigned to this execution region ****


    Execution Region ER_ZI (Exec base: 0x20000000, Load base: 0x000015e4, Size: 0x00000470, Max: 0xffffffff, ABSOLUTE)

    Exec Addr    Load Addr    Size         Type   Attr      Idx    E Section Name        Object

    0x20000000        -       0x00000060   Zero   RW          124    .bss                c_w.l(libspace.o)
    0x20000060        -       0x00000001   Zero   RW           45    .bss.comando        main.o
    0x20000061   0x000015e4   0x00000003   PAD
    0x20000064        -       0x00000004   Zero   RW           14    .bss.potIter        gpio.o
    0x20000068        -       0x00000001   Zero   RW           35    .bss.sentido        main.o
    0x20000069        -       0x00000001   Zero   RW           39    .bss.velOrigem      main.o
    0x2000006a        -       0x00000001   Zero   RW           42    .bss.velocidade     main.o
    0x2000006b   0x000015e4   0x00000005   PAD
    0x20000070        -       0x00000000   Zero   RW           53    HEAP                startup.o
    0x20000070        -       0x00000400   Zero   RW           52    STACK               startup.o


==============================================================================

Image component sizes


      Code (inc. data)   RO Data    RW Data    ZI Data      Debug   Object Name

       968         36          0          0          4       2147   gpio.o
       584        132        912          0          4        871   main.o
       608        532          0          0       1024        944   startup.o
       484         92          0          0          0        336   utils.o

    ----------------------------------------------------------------------
      2644        792        930          0       1040       4298   Object Totals
         0          0         16          0          0          0   (incl. Generated)
         0          0          2          0          8          0   (incl. Padding)

    ----------------------------------------------------------------------

      Code (inc. data)   RO Data    RW Data    ZI Data      Debug   Library Member Name

         8          0          0          0          0         68   __main.o
         0          0          0          0          0          0   __rtentry.o
        12          0          0          0          0          0   __rtentry2.o
         6          0          0          0          0          0   __rtentry4.o
        52          8          0          0          0          0   __scatter.o
        28          0          0          0          0          0   __scatter_zi.o
        18          0          0          0          0         80   exit.o
         6          0          0          0          0        152   heapauxi.o
         0          0          0          0          0          0   indicate_semi.o
         2          0          0          0          0          0   libinit.o
         6          0          0          0          0          0   libinit2.o
         2          0          0          0          0          0   libshutdown.o
         2          0          0          0          0          0   libshutdown2.o
         8          4          0          0         96         68   libspace.o
         2          0          0          0          0          0   rtexit.o
        10          0          0          0          0          0   rtexit2.o
        12          4          0          0          0         68   sys_exit.o
        74          0          0          0          0         80   sys_stackheap_outer.o
         2          0          0          0          0         68   use_no_semi.o
        98          4          0          0          0        140   d2f.o
       812         16          0          0          0        392   daddsub_clz.o
        90          4          0          0          0        140   dfixu.o
       340         12          0          0          0        152   dmul.o
       156          4          0          0          0        140   dnaninf.o
        12          0          0          0          0        116   dretinf.o
        86          4          0          0          0        132   f2d.o
       140          4          0          0          0        132   fnaninf.o
        26          0          0          0          0        116   fpinit.o
        10          0          0          0          0        116   fretinf.o
         0          0          0          0          0          0   usenofp.o

    ----------------------------------------------------------------------
      2030         64          0          0         96       2160   Library Totals
        10          0          0          0          0          0   (incl. Padding)

    ----------------------------------------------------------------------

      Code (inc. data)   RO Data    RW Data    ZI Data      Debug   Library Name

       250         16          0          0         96        584   c_w.l
      1770         48          0          0          0       1576   fz_wm.l

    ----------------------------------------------------------------------
      2030         64          0          0         96       2160   Library Totals

    ----------------------------------------------------------------------

==============================================================================


      Code (inc. data)   RO Data    RW Data    ZI Data      Debug   

      4674        856        930          0       1136       5214   Grand Totals
      4674        856        930          0       1136       5214   ELF Image Totals
      4674        856        930          0          0          0   ROM Totals

==============================================================================

    Total RO  Size (Code + RO Data)                 5604 (   5.47kB)
    Total RW  Size (RW Data + ZI Data)              1136 (   1.11kB)
    Total ROM Size (Code + RO Data + RW Data)       5604 (   5.47kB)

==============================================================================

